\BOOKMARK [1][]{section.1}{\376\377\116\000\060\001\000\040\225\356\230\230\221\315\217\360}{}% 1
\BOOKMARK [2][]{subsection.1.1}{\376\377\0001\000.\0001\000\040\225\356\230\230\200\314\146\157}{section.1}% 2
\BOOKMARK [2][]{subsection.1.2}{\376\377\0001\000.\0002\000\040\227\000\211\201\211\343\121\263\166\204\225\356\230\230}{section.1}% 3
\BOOKMARK [1][]{section.2}{\376\377\116\214\060\001\000\040\225\356\230\230\122\006\147\220}{}% 4
\BOOKMARK [2][]{subsection.2.1}{\376\377\0002\000.\0001\000\040\225\356\230\230\116\000\166\204\122\006\147\220}{section.2}% 5
\BOOKMARK [2][]{subsection.2.2}{\376\377\0002\000.\0002\000\040\225\356\230\230\116\214\166\204\122\006\147\220}{section.2}% 6
\BOOKMARK [2][]{subsection.2.3}{\376\377\0002\000.\0003\000\040\225\356\230\230\116\011\166\204\122\006\147\220}{section.2}% 7
\BOOKMARK [2][]{subsection.2.4}{\376\377\0002\000.\0004\000\040\225\356\230\230\126\333\166\204\122\006\147\220}{section.2}% 8
\BOOKMARK [1][]{section.3}{\376\377\116\011\060\001\000\040\152\041\127\213\120\107\213\276}{}% 9
\BOOKMARK [1][]{section.4}{\376\377\126\333\060\001\000\040\173\046\123\367\213\364\146\016}{}% 10
\BOOKMARK [1][]{section.5}{\376\377\116\224\060\001\000\040\225\356\230\230\116\000\152\041\127\213\166\204\136\372\172\313\116\016\154\102\211\343}{}% 11
\BOOKMARK [2][]{subsection.5.1}{\376\377\0005\000.\0001\000\040\127\120\150\007\174\373\136\372\172\313\116\016\173\046\123\367\133\232\116\111}{section.5}% 12
\BOOKMARK [2][]{subsection.5.2}{\376\377\0005\000.\0002\000\040\145\366\172\172\200\046\124\010\122\250\122\233\133\146\152\041\127\213\166\204\136\372\172\313}{section.5}% 13
\BOOKMARK [3][]{subsubsection.5.2.1}{\376\377\0005\000.\0002\000.\0001\000\040\202\060\202\071\123\000\220\037\166\364\176\277\217\320\122\250\152\041\127\213}{subsection.5.2}% 14
\BOOKMARK [3][]{subsubsection.5.2.2}{\376\377\0005\000.\0002\000.\0002\000\040\000G\0001\176\257\217\375\216\052\133\374\137\071\122\250\122\233\133\146\137\256\122\006\145\271\172\013}{subsection.5.2}% 15
\BOOKMARK [3][]{subsubsection.5.2.3}{\376\377\0005\000.\0002\000.\0003\000\040\136\162\142\160\137\071\142\225\145\076\116\016\160\337\136\125\145\366\136\217\157\024\123\026}{subsection.5.2}% 16
\BOOKMARK [3][]{subsubsection.5.2.4}{\376\377\0005\000.\0002\000.\0004\000\040\133\214\145\164\211\206\166\326\166\204\122\044\133\232\150\007\121\306}{subsection.5.2}% 17
\BOOKMARK [2][]{subsection.5.3}{\376\377\0005\000.\0003\000\040\123\125\137\071\121\150\172\013\220\156\205\075\166\204\116\015\123\357\210\114\140\047\116\045\150\074\213\301\146\016}{section.5}% 18
\BOOKMARK [3][]{subsubsection.5.3.1}{\376\377\0005\000.\0003\000.\0001\000\040\123\125\160\337\136\125\133\214\145\164\220\156\205\075\121\340\117\125\164\006\213\272\116\012\165\114}{subsection.5.3}% 19
\BOOKMARK [3][]{subsubsection.5.3.2}{\376\377\0005\000.\0003\000.\0002\000\040\133\374\137\071\143\242\155\113\172\227\123\343\145\366\225\177\116\013\165\114}{subsection.5.3}% 20
\BOOKMARK [3][]{subsubsection.5.3.3}{\376\377\0005\000.\0003\000.\0003\000\040\121\150\134\100\116\015\123\357\210\114\150\070\137\303\176\323\213\272}{subsection.5.3}% 21
\BOOKMARK [3][]{subsubsection.5.3.4}{\376\377\0005\000.\0003\000.\0004\000\040\116\011\131\127\162\354\172\313\116\244\123\311\232\214\213\301\145\271\150\110}{subsection.5.3}% 22
\BOOKMARK [2][]{subsection.5.4}{\376\377\0005\000.\0004\000\040\123\302\145\160\123\026\147\000\117\030\210\145\120\177\145\271\150\110}{section.5}% 23
\BOOKMARK [3][]{subsubsection.5.4.1}{\376\377\0005\000.\0004\000.\0001\000\040\217\276\122\060\164\006\213\272\116\012\165\114\166\204\147\000\117\030\211\206\166\326\121\105\211\201\147\141\116\366}{subsection.5.4}% 24
\BOOKMARK [3][]{subsubsection.5.4.2}{\376\377\0005\000.\0004\000.\0002\000\040\164\006\213\272\116\012\165\114\123\357\217\276\137\305\211\201\147\141\116\366}{subsection.5.4}% 25
\BOOKMARK [3][]{subsubsection.5.4.3}{\376\377\0005\000.\0004\000.\0003\000\040\116\011\174\173\142\030\147\057\121\170\127\213\142\225\145\076\123\302\145\160\173\126\165\145}{subsection.5.4}% 26
\BOOKMARK [2][]{subsection.5.5}{\376\377\0005\000.\0005\000\040\176\323\213\272\116\016\150\300\232\214}{section.5}% 27
\BOOKMARK [3][]{subsubsection.5.5.1}{\376\377\0005\000.\0005\000.\0001\000\040\140\073\176\323\116\016\213\364\146\016}{subsection.5.5}% 28
\BOOKMARK [3][]{subsubsection.5.5.2}{\376\377\0005\000.\0005\000.\0002\000\040\152\041\127\213\234\201\150\322\140\047\150\041\232\214}{subsection.5.5}% 29
\BOOKMARK [3][]{subsubsection.5.5.3}{\376\377\0005\000.\0005\000.\0003\000\040\142\323\134\125\133\371\161\147\140\305\121\265\213\364\146\016}{subsection.5.5}% 30
\BOOKMARK [3][]{subsubsection.5.5.4}{\376\377\0005\000.\0005\000.\0004\000\040\127\072\146\157\217\223\121\145\177\072\131\061\176\246\147\137\213\364\146\016}{subsection.5.5}% 31
\BOOKMARK [1][]{section.6}{\376\377\121\155\060\001\000\040\225\356\230\230\116\214\152\041\127\213\166\204\136\372\172\313\116\016\154\102\211\343}{}% 32
\BOOKMARK [2][]{subsection.6.1}{\376\377\0006\000.\0001\000\040\152\041\127\213\136\372\172\313}{section.6}% 33
\BOOKMARK [3][]{subsubsection.6.1.1}{\376\377\0006\000.\0001\000.\0001\000\040\133\214\145\164\211\206\166\326\121\340\117\125\121\105\211\201\147\141\116\366\143\250\133\374}{subsection.6.1}% 34
\BOOKMARK [2][]{subsection.6.2}{\376\377\0006\000.\0002\000\040\152\041\127\213\232\214\213\301}{section.6}% 35
\BOOKMARK [2][]{subsection.6.3}{\376\377\0006\000.\0003\000\040\136\162\142\160\137\071\147\000\134\017\145\160\221\317\213\272\213\301}{section.6}% 36
\BOOKMARK [2][]{subsection.6.4}{\376\377\0006\000.\0004\000\040\147\000\117\030\123\117\124\014\145\271\150\110}{section.6}% 37
\BOOKMARK [2][]{subsection.6.5}{\376\377\0006\000.\0005\000\040\145\271\150\110\133\371\153\324}{section.6}% 38
\BOOKMARK [2][]{subsection.6.6}{\376\377\0006\000.\0006\000\040\152\041\127\213\217\271\165\114\060\001\234\201\150\322\140\047\176\246\147\137\116\016\217\223\121\145\177\072\131\061\213\364\146\016}{section.6}% 39
\BOOKMARK [3][]{subsubsection.6.6.1}{\376\377\0006\000.\0006\000.\0001\000\040\145\271\150\110\210\325\136\246\116\016\123\302\145\160\142\160\122\250\145\117\141\037\140\047}{subsection.6.6}% 40
\BOOKMARK [3][]{subsubsection.6.6.2}{\376\377\0006\000.\0006\000.\0002\000\040\176\323\213\272\220\002\165\050\116\045\150\074\217\271\165\114}{subsection.6.6}% 41
\BOOKMARK [1][]{section.7}{\376\377\116\003\060\001\000\040\225\356\230\230\116\011\152\041\127\213\166\204\136\372\172\313\116\016\154\102\211\343}{}% 42
\BOOKMARK [2][]{subsection.7.1}{\376\377\0007\000.\0001\000\040\152\041\127\213\121\306\131\007}{section.7}% 43
\BOOKMARK [3][]{subsubsection.7.1.1}{\376\377\0007\000.\0001\000.\0001\000\040\127\120\150\007\174\373\136\372\172\313\116\016\211\322\136\246\133\232\116\111}{subsection.7.1}% 44
\BOOKMARK [3][]{subsubsection.7.1.2}{\376\377\0007\000.\0001\000.\0002\000\040\116\373\122\241\145\366\224\237\116\016\230\204\220\350\177\162\211\304\122\031}{subsection.7.1}% 45
\BOOKMARK [3][]{subsubsection.7.1.3}{\376\377\0007\000.\0001\000.\0003\000\040\173\046\123\367\133\232\116\111}{subsection.7.1}% 46
\BOOKMARK [3][]{subsubsection.7.1.4}{\376\377\0007\000.\0001\000.\0004\000\040\000S\0001\160\337\136\125\157\024\123\026\152\041\127\213}{subsection.7.1}% 47
\BOOKMARK [2][]{subsection.7.2}{\376\377\0007\000.\0002\000\040\150\070\137\303\170\154\176\246\147\137\145\160\133\146\136\372\152\041}{section.7}% 48
\BOOKMARK [3][]{subsubsection.7.2.1}{\376\377\0007\000.\0002\000.\0001\000\040\133\214\145\164\127\006\166\330\220\156\205\075\121\105\211\201\176\246\147\137}{subsection.7.2}% 49
\BOOKMARK [3][]{subsubsection.7.2.2}{\376\377\0007\000.\0002\000.\0002\000\040\145\340\116\272\147\072\121\150\145\366\153\265\133\211\121\150\225\364\215\335\176\246\147\137}{subsection.7.2}% 50
\BOOKMARK [2][]{subsection.7.3}{\376\377\0007\000.\0003\000\040\131\032\166\356\150\007\117\030\123\026\152\041\127\213\377\010\176\246\147\137\154\325\377\011}{section.7}% 51
\BOOKMARK [2][]{subsection.7.4}{\376\377\0007\000.\0004\000\040\150\007\121\306\123\026\127\072\146\157\116\343\210\150\145\271\150\110\000P\0002\377\010\000A\000-\0000\0000\0000\0007\0003\377\011}{section.7}% 52
\BOOKMARK [2][]{subsection.7.5}{\376\377\0007\000.\0005\000\040\126\333\174\173\120\031\220\011\145\271\150\110\000P\000a\000r\000e\000t\000o\143\007\150\007\152\052\124\021\133\371\153\324}{section.7}% 53
\BOOKMARK [2][]{subsection.7.6}{\376\377\0007\000.\0006\000\040\000N\000-\0001\123\125\147\072\131\061\145\110\133\271\225\031\122\006\147\220}{section.7}% 54
\BOOKMARK [2][]{subsection.7.7}{\376\377\0007\000.\0007\000\040\145\117\141\037\140\047\122\006\147\220}{section.7}% 55
\BOOKMARK [2][]{subsection.7.8}{\376\377\0007\000.\0008\000\040\000P\000a\000r\000e\000t\000o\147\000\117\030\211\343\226\306\123\357\211\306\123\026\116\016\152\041\127\213\217\271\165\114\176\246\147\137}{section.7}% 56
\BOOKMARK [3][]{subsubsection.7.8.1}{\376\377\0007\000.\0008\000.\0001\000\040\152\041\127\213\134\100\226\120\140\047\116\016\213\301\143\156\116\045\150\074\217\271\165\114}{subsection.7.8}% 57
\BOOKMARK [1][]{section.8}{\376\377\121\153\060\001\000\040\225\356\230\230\126\333\152\041\127\213\166\204\136\372\172\313\116\016\154\102\211\343}{}% 58
\BOOKMARK [2][]{subsection.8.1}{\376\377\0008\000.\0001\000\040\123\314\134\102\211\343\200\046\147\266\147\204\213\276\213\241}{section.8}% 59
\BOOKMARK [2][]{subsection.8.2}{\376\377\0008\000.\0002\000\040\000M\000I\000L\000P\123\330\221\317\060\001\170\154\176\246\147\137\116\016\213\315\121\170\136\217\117\030\123\026\117\123\174\373}{section.8}% 60
\BOOKMARK [3][]{subsubsection.8.2.1}{\376\377\0008\000.\0002\000.\0001\000\040\150\070\137\303\0000\000-\0001\121\263\173\126\123\330\221\317}{subsection.8.2}% 61
\BOOKMARK [3][]{subsubsection.8.2.2}{\376\377\0008\000.\0002\000.\0002\000\040\215\104\156\220\116\016\145\366\136\217\170\154\176\246\147\137}{subsection.8.2}% 62
\BOOKMARK [3][]{subsubsection.8.2.3}{\376\377\0008\000.\0002\000.\0003\000\040\121\155\134\102\213\315\121\170\136\217\117\030\123\026\166\356\150\007}{subsection.8.2}% 63
\BOOKMARK [2][]{subsection.8.3}{\376\377\0008\000.\0003\000\040\116\213\116\366\232\161\122\250\156\332\122\250\221\315\211\304\122\022\147\072\122\066}{section.8}% 64
\BOOKMARK [2][]{subsection.8.4}{\376\377\0008\000.\0004\000\040\000Q\0004\000-\000B\215\052\137\303\127\372\176\277\116\016\215\205\145\366\201\352\122\250\143\245\173\241\147\072\122\066}{section.8}% 65
\BOOKMARK [2][]{subsection.8.5}{\376\377\0008\000.\0005\000\040\116\135\176\304\124\010\142\020\127\072\146\157\000A\000/\000B\145\271\150\110\143\007\150\007\133\371\153\324}{section.8}% 66
\BOOKMARK [2][]{subsection.8.6}{\376\377\0008\000.\0006\000\040\000P\000a\000r\000e\000t\000o\227\136\145\057\221\115\172\357\160\271\116\016\116\343\210\150\145\271\150\110\220\011\123\326}{section.8}% 67
\BOOKMARK [2][]{subsection.8.7}{\376\377\0008\000.\0007\000\040\121\163\225\056\123\302\145\160\226\010\120\074\145\117\141\037\140\047\122\006\147\220}{section.8}% 68
\BOOKMARK [2][]{subsection.8.8}{\376\377\0008\000.\0008\000\040\215\104\156\220\167\355\177\072\116\373\122\241\202\015\137\003\211\304\122\031\213\364\146\016}{section.8}% 69
\BOOKMARK [2][]{subsection.8.9}{\376\377\0008\000.\0009\000\040\152\041\127\213\134\100\226\120\140\047\116\016\213\301\143\156\217\271\165\114}{section.8}% 70
\BOOKMARK [1][]{section.9}{\376\377\116\135\060\001\000\040\152\041\127\213\166\204\213\304\116\367\060\001\145\071\217\333\116\016\143\250\136\177}{}% 71
\BOOKMARK [1][]{section.10}{\376\377\123\101\060\001\000\040\152\041\127\213\213\304\116\367}{}% 72
\BOOKMARK [2][]{subsection.10.1}{\376\377\0001\0000\000.\0001\000\040\152\041\127\213\117\030\122\277}{section.10}% 73
\BOOKMARK [2][]{subsection.10.2}{\376\377\0001\0000\000.\0002\000\040\152\041\127\213\134\100\226\120\140\047}{section.10}% 74
\BOOKMARK [2][]{subsection.10.3}{\376\377\0001\0000\000.\0003\000\040\152\041\127\213\166\204\145\071\217\333}{section.10}% 75
\BOOKMARK [2][]{subsection.10.4}{\376\377\0001\0000\000.\0004\000\040\152\041\127\213\166\204\143\250\136\177}{section.10}% 76
\BOOKMARK [1][]{section*.34}{\376\377\123\302\200\003\145\207\163\056}{}% 77
\BOOKMARK [1][]{appendix.1.A}{\376\377\226\104\137\125\000\040\000A\000\040\145\207\116\366\122\027\210\150}{}% 78
